[     123ms] [VERBOSE] [DOM] Input elements should have autocomplete attributes (suggested: "current-password"): (More info: https://goo.gl/9p2vKq) %o @ http://localhost:4011/login:0
[     156ms] [INFO] %cDownload the React DevTools for a better development experience: https://react.dev/link/react-devtools font-weight:bold @ http://localhost:4011/_next/static/chunks/node_modules_next_dist_1e8vcs8._.js:776
[     193ms] [LOG] [HMR] connected @ http://localhost:4011/_next/static/chunks/node_modules_next_dist_1e8vcs8._.js:776
[     273ms] Error: Hydration failed because the server rendered HTML didn't match the client. As a result this tree will be regenerated on the client. This can happen if a SSR-ed Client Component used:

- A server/client branch `if (typeof window !== 'undefined')`.
- Variable input such as `Date.now()` or `Math.random()` which changes each time it's called.
- Date formatting in a user's locale which doesn't match the server.
- External changing data without sending a snapshot of it along with the HTML.
- Invalid HTML tag nesting.

It can also happen if the client has a browser extension installed which messes with the HTML before React loaded.

https://react.dev/link/hydration-mismatch

  ...
    <ThemeProvider theme={{...}}>
      <RtlProvider value={false}>
        <DefaultPropsProvider value={{...}}>
          <UploadingProvider>
            <Styled(Component) open={false} transitionDuration={300}>
              <Insertion>
              <Backdrop open={false} transitionDuration={300} className="css-1xcwhj1">
                <Fade in={false} timeout={300} ref={null} ownerState={{open:false, ...}}>
                  <Transition appear={true} in={false} nodeRef={{current:null}} onEnter={function} onEntered={function} ...>
                    <MuiBackdrop-root aria-hidden={true} className="MuiBackdro..." as="div" ...>
                      <Insertion>
+                     <div
+                       aria-hidden={true}
+                       className="MuiBackdrop-root css-15jtbsd-MuiBackdrop-root"
+                       style={{opacity:0,visibility:"hidden"}}
+                       ref={function useForkRef.useMemo}
+                     >
-                     <style data-emotion="css 1xcwhj1" data-s="">
            ...

    at throwOnHydrationMismatch (http://localhost:4011/_next/static/chunks/node_modules_next_dist_compiled_react-dom_096_9a-._.js:3120:56)
    at beginWork (http://localhost:4011/_next/static/chunks/node_modules_next_dist_compiled_react-dom_096_9a-._.js:6585:918)
    at runWithFiberInDEV (http://localhost:4011/_next/static/chunks/node_modules_next_dist_compiled_react-dom_096_9a-._.js:761:74)
    at performUnitOfWork (http://localhost:4011/_next/static/chunks/node_modules_next_dist_compiled_react-dom_096_9a-._.js:9385:97)
    at workLoopConcurrentByScheduler (http://localhost:4011/_next/static/chunks/node_modules_next_dist_compiled_react-dom_096_9a-._.js:9381:58)
    at renderRootConcurrent (http://localhost:4011/_next/static/chunks/node_modules_next_dist_compiled_react-dom_096_9a-._.js:9364:71)
    at performWorkOnRoot (http://localhost:4011/_next/static/chunks/node_modules_next_dist_compiled_react-dom_096_9a-._.js:8891:150)
    at performWorkOnRootViaSchedulerTask (http://localhost:4011/_next/static/chunks/node_modules_next_dist_compiled_react-dom_096_9a-._.js:10085:9)
    at MessagePort.performWorkUntilDeadline (http://localhost:4011/_next/static/chunks/node_modules_next_dist_compiled_1amofcm._.js:2647:64)
[     299ms] [VERBOSE] [DOM] Input elements should have autocomplete attributes (suggested: "current-password"): (More info: https://goo.gl/9p2vKq) %o @ http://localhost:4011/login:0
[   40718ms] [LOG] [Fast Refresh] rebuilding @ http://localhost:4011/_next/static/chunks/node_modules_next_dist_1e8vcs8._.js:776
[   41013ms] [LOG] [Fast Refresh] done in 346ms @ http://localhost:4011/_next/static/chunks/node_modules_next_dist_1e8vcs8._.js:776
[   41196ms] [VERBOSE] [DOM] Input elements should have autocomplete attributes (suggested: "current-password"): (More info: https://goo.gl/9p2vKq) %o @ http://localhost:4011/login:0
[   46619ms] [LOG] [Fast Refresh] done in 346ms @ http://localhost:4011/_next/static/chunks/node_modules_next_dist_1e8vcs8._.js:776
[   46745ms] [LOG] [Fast Refresh] done in 346ms @ http://localhost:4011/_next/static/chunks/node_modules_next_dist_1e8vcs8._.js:776
